TAP version 13
ok 1 - Icecave\Duct\Detail\LexerTest::testFeedEmitsIntegerAfterNonDigit
ok 2 - Icecave\Duct\Detail\LexerTest::testFeedEmitsMultipleIntegers
ok 3 - Icecave\Duct\Detail\LexerTest::testFeedIntegerThenNonInteger
ok 4 - Icecave\Duct\Detail\LexerTest::testFeedZeroIntegerThenNonInteger
ok 5 - Icecave\Duct\Detail\LexerTest::testFeedFloatThenNonInteger
ok 6 - Icecave\Duct\Detail\LexerTest::testFeedExponentThenNonInteger
ok 7 - Icecave\Duct\Detail\LexerTest::testFeedFailsOnInvalidBeginningCharacter
ok 8 - Icecave\Duct\Detail\LexerTest::testFeedFailsOnInvalidEscapeSequence
ok 9 - Icecave\Duct\Detail\LexerTest::testFeedFailsOnInvalidUnicodeEscapeSequence
ok 10 - Icecave\Duct\Detail\LexerTest::testFeedFailsOnNonDigitAfterNegativeSign
ok 11 - Icecave\Duct\Detail\LexerTest::testFeedFailsOnNonDigitAfterDecimalPoint
ok 12 - Icecave\Duct\Detail\LexerTest::testFeedFailsOnNonDigitAfterExponentE
ok 13 - Icecave\Duct\Detail\LexerTest::testFeedFailsOnMispelledTrue
ok 14 - Icecave\Duct\Detail\LexerTest::testFeedFailsOnMispelledFalse
ok 15 - Icecave\Duct\Detail\LexerTest::testFeedFailsOnMispelledNull
ok 16 - Icecave\Duct\Detail\LexerTest::testFeedFailsOnMultipleHighSurrogates
ok 17 - Icecave\Duct\Detail\LexerTest::testFeedFailsOnMissingHighSurrogate
ok 18 - Icecave\Duct\Detail\LexerTest::testFeedFailsOnMissingLowSurrogateEndString
ok 19 - Icecave\Duct\Detail\LexerTest::testFeedFailsOnMissingLowSurrogateRegularCharacter
ok 20 - Icecave\Duct\Detail\LexerTest::testFeedFailsOnMissingLowSurrogateRegularNonUnicodeEscape
ok 21 - Icecave\Duct\Detail\LexerTest::testFeedPartialMultibyteCharacter
ok 22 - Icecave\Duct\Detail\LexerTest::testFinalizeFailsWithPartialLiteral with data set #0 ('-')
ok 23 - Icecave\Duct\Detail\LexerTest::testFinalizeFailsWithPartialLiteral with data set #1 ('1e')
ok 24 - Icecave\Duct\Detail\LexerTest::testFinalizeFailsWithPartialLiteral with data set #2 ('"foo')
ok 25 - Icecave\Duct\Detail\LexerTest::testFinalizeFailsWithPartialLiteral with data set #3 ('"foo\\')
ok 26 - Icecave\Duct\Detail\LexerTest::testFinalizeFailsWithPartialLiteral with data set #4 ('"foo\\uA')
ok 27 - Icecave\Duct\Detail\LexerTest::testFinalizeFailsWithPartialLiteral with data set #5 ('tru')
ok 28 - Icecave\Duct\Detail\LexerTest::testFinalizeFailsWithPartialLiteral with data set #6 ('fals')
ok 29 - Icecave\Duct\Detail\LexerTest::testFinalizeFailsWithPartialLiteral with data set #7 ('nul')
ok 30 - Icecave\Duct\Detail\LexerTest::testLexWithSingleToken with data set #0 ('{', Icecave\Duct\Detail\Token)
ok 31 - Icecave\Duct\Detail\LexerTest::testLexWithSingleToken with data set #1 ('}', Icecave\Duct\Detail\Token)
ok 32 - Icecave\Duct\Detail\LexerTest::testLexWithSingleToken with data set #2 ('[', Icecave\Duct\Detail\Token)
ok 33 - Icecave\Duct\Detail\LexerTest::testLexWithSingleToken with data set #3 (']', Icecave\Duct\Detail\Token)
ok 34 - Icecave\Duct\Detail\LexerTest::testLexWithSingleToken with data set #4 (':', Icecave\Duct\Detail\Token)
ok 35 - Icecave\Duct\Detail\LexerTest::testLexWithSingleToken with data set #5 (',', Icecave\Duct\Detail\Token)
ok 36 - Icecave\Duct\Detail\LexerTest::testLexWithSingleToken with data set #6 ('true', Icecave\Duct\Detail\Token)
ok 37 - Icecave\Duct\Detail\LexerTest::testLexWithSingleToken with data set #7 ('false', Icecave\Duct\Detail\Token)
ok 38 - Icecave\Duct\Detail\LexerTest::testLexWithSingleToken with data set #8 ('null', Icecave\Duct\Detail\Token)
ok 39 - Icecave\Duct\Detail\LexerTest::testLexWithSingleToken with data set #9 ('0', Icecave\Duct\Detail\Token)
ok 40 - Icecave\Duct\Detail\LexerTest::testLexWithSingleToken with data set #10 ('-0', Icecave\Duct\Detail\Token)
ok 41 - Icecave\Duct\Detail\LexerTest::testLexWithSingleToken with data set #11 ('1', Icecave\Duct\Detail\Token)
ok 42 - Icecave\Duct\Detail\LexerTest::testLexWithSingleToken with data set #12 ('-1', Icecave\Duct\Detail\Token)
ok 43 - Icecave\Duct\Detail\LexerTest::testLexWithSingleToken with data set #13 ('12345', Icecave\Duct\Detail\Token)
ok 44 - Icecave\Duct\Detail\LexerTest::testLexWithSingleToken with data set #14 ('-12345', Icecave\Duct\Detail\Token)
ok 45 - Icecave\Duct\Detail\LexerTest::testLexWithSingleToken with data set #15 ('0.0', Icecave\Duct\Detail\Token)
ok 46 - Icecave\Duct\Detail\LexerTest::testLexWithSingleToken with data set #16 ('-0.0', Icecave\Duct\Detail\Token)
ok 47 - Icecave\Duct\Detail\LexerTest::testLexWithSingleToken with data set #17 ('1.1', Icecave\Duct\Detail\Token)
ok 48 - Icecave\Duct\Detail\LexerTest::testLexWithSingleToken with data set #18 ('-1.1', Icecave\Duct\Detail\Token)
ok 49 - Icecave\Duct\Detail\LexerTest::testLexWithSingleToken with data set #19 ('123.123', Icecave\Duct\Detail\Token)
ok 50 - Icecave\Duct\Detail\LexerTest::testLexWithSingleToken with data set #20 ('-123.123', Icecave\Duct\Detail\Token)
ok 51 - Icecave\Duct\Detail\LexerTest::testLexWithSingleToken with data set #21 ('0e5', Icecave\Duct\Detail\Token)
ok 52 - Icecave\Duct\Detail\LexerTest::testLexWithSingleToken with data set #22 ('0E5', Icecave\Duct\Detail\Token)
ok 53 - Icecave\Duct\Detail\LexerTest::testLexWithSingleToken with data set #23 ('1e5', Icecave\Duct\Detail\Token)
ok 54 - Icecave\Duct\Detail\LexerTest::testLexWithSingleToken with data set #24 ('1E5', Icecave\Duct\Detail\Token)
ok 55 - Icecave\Duct\Detail\LexerTest::testLexWithSingleToken with data set #25 ('1e10', Icecave\Duct\Detail\Token)
ok 56 - Icecave\Duct\Detail\LexerTest::testLexWithSingleToken with data set #26 ('1E10', Icecave\Duct\Detail\Token)
ok 57 - Icecave\Duct\Detail\LexerTest::testLexWithSingleToken with data set #27 ('1e+5', Icecave\Duct\Detail\Token)
ok 58 - Icecave\Duct\Detail\LexerTest::testLexWithSingleToken with data set #28 ('1E+5', Icecave\Duct\Detail\Token)
ok 59 - Icecave\Duct\Detail\LexerTest::testLexWithSingleToken with data set #29 ('1e+10', Icecave\Duct\Detail\Token)
ok 60 - Icecave\Duct\Detail\LexerTest::testLexWithSingleToken with data set #30 ('1E+10', Icecave\Duct\Detail\Token)
ok 61 - Icecave\Duct\Detail\LexerTest::testLexWithSingleToken with data set #31 ('1e-5', Icecave\Duct\Detail\Token)
ok 62 - Icecave\Duct\Detail\LexerTest::testLexWithSingleToken with data set #32 ('1E-5', Icecave\Duct\Detail\Token)
ok 63 - Icecave\Duct\Detail\LexerTest::testLexWithSingleToken with data set #33 ('1e-10', Icecave\Duct\Detail\Token)
ok 64 - Icecave\Duct\Detail\LexerTest::testLexWithSingleToken with data set #34 ('1E-10', Icecave\Duct\Detail\Token)
ok 65 - Icecave\Duct\Detail\LexerTest::testLexWithSingleToken with data set #35 ('0.1e10', Icecave\Duct\Detail\Token)
ok 66 - Icecave\Duct\Detail\LexerTest::testLexWithSingleToken with data set #36 ('0.1E10', Icecave\Duct\Detail\Token)
ok 67 - Icecave\Duct\Detail\LexerTest::testLexWithSingleToken with data set #37 ('""', Icecave\Duct\Detail\Token)
ok 68 - Icecave\Duct\Detail\LexerTest::testLexWithSingleToken with data set #38 ('"foo"', Icecave\Duct\Detail\Token)
ok 69 - Icecave\Duct\Detail\LexerTest::testLexWithSingleToken with data set #39 ('"foo bar"', Icecave\Duct\Detail\Token)
ok 70 - Icecave\Duct\Detail\LexerTest::testLexWithSingleToken with data set #40 ('"\\""', Icecave\Duct\Detail\Token)
ok 71 - Icecave\Duct\Detail\LexerTest::testLexWithSingleToken with data set #41 ('"\\\\"', Icecave\Duct\Detail\Token)
ok 72 - Icecave\Duct\Detail\LexerTest::testLexWithSingleToken with data set #42 ('"\\/"', Icecave\Duct\Detail\Token)
ok 73 - Icecave\Duct\Detail\LexerTest::testLexWithSingleToken with data set #43 ('"\\b"', Icecave\Duct\Detail\Token)
ok 74 - Icecave\Duct\Detail\LexerTest::testLexWithSingleToken with data set #44 ('"\\f"', Icecave\Duct\Detail\Token)
ok 75 - Icecave\Duct\Detail\LexerTest::testLexWithSingleToken with data set #45 ('"\\n"', Icecave\Duct\Detail\Token)
ok 76 - Icecave\Duct\Detail\LexerTest::testLexWithSingleToken with data set #46 ('"\\r"', Icecave\Duct\Detail\Token)
ok 77 - Icecave\Duct\Detail\LexerTest::testLexWithSingleToken with data set #47 ('"\\t"', Icecave\Duct\Detail\Token)
ok 78 - Icecave\Duct\Detail\LexerTest::testLexWithSingleToken with data set #48 ('"\\u00a9"', Icecave\Duct\Detail\Token)
ok 79 - Icecave\Duct\Detail\LexerTest::testLexWithSingleToken with data set #49 ('"\\ud834\\udD1E"', Icecave\Duct\Detail\Token)
ok 80 - Icecave\Duct\Detail\TokenStreamParserTest::testFinalizeFailsWithPartialObject
ok 81 - Icecave\Duct\Detail\TokenStreamParserTest::testFinalizeFailsWithPartialArray
ok 82 - Icecave\Duct\Detail\TokenStreamParserTest::testFeedFailsOnNonStringKey
ok 83 - Icecave\Duct\Detail\TokenStreamParserTest::testFeedFailsUnexpectedTokenAfterObjectKey
ok 84 - Icecave\Duct\Detail\TokenStreamParserTest::testFeedFailsUnexpectedTokenAfterObjectValue
ok 85 - Icecave\Duct\Detail\TokenStreamParserTest::testFeedFailsUnexpectedTokenAfterArrayValue
ok 86 - Icecave\Duct\Detail\TokenStreamParserTest::testFeedFailsOnInvalidStartingToken with data set #0 ('}')
ok 87 - Icecave\Duct\Detail\TokenStreamParserTest::testFeedFailsOnInvalidStartingToken with data set #1 (']')
ok 88 - Icecave\Duct\Detail\TokenStreamParserTest::testFeedFailsOnInvalidStartingToken with data set #2 (':')
ok 89 - Icecave\Duct\Detail\TokenStreamParserTest::testFeedFailsOnInvalidStartingToken with data set #3 (',')
ok 90 - Icecave\Duct\Detail\TokenStreamParserTest::testParse with data set #0 (array(1), 1)
ok 91 - Icecave\Duct\Detail\TokenStreamParserTest::testParse with data set #1 (array(1.1), 1.1)
ok 92 - Icecave\Duct\Detail\TokenStreamParserTest::testParse with data set #2 (array(true), true)
ok 93 - Icecave\Duct\Detail\TokenStreamParserTest::testParse with data set #3 (array(false), false)
ok 94 - Icecave\Duct\Detail\TokenStreamParserTest::testParse with data set #4 (array(NULL), NULL)
ok 95 - Icecave\Duct\Detail\TokenStreamParserTest::testParse with data set #5 (array('foo'), 'foo')
ok 96 - Icecave\Duct\Detail\TokenStreamParserTest::testParse with data set #6 (array('[', ']'), array())
ok 97 - Icecave\Duct\Detail\TokenStreamParserTest::testParse with data set #7 (array('[', 1, ']'), array(1))
ok 98 - Icecave\Duct\Detail\TokenStreamParserTest::testParse with data set #8 (array('[', 1, ',', 2, ',', 3, ']'), array(1, 2, 3))
ok 99 - Icecave\Duct\Detail\TokenStreamParserTest::testParse with data set #9 (array('[', '[', ']', ']'), array(array()))
ok 100 - Icecave\Duct\Detail\TokenStreamParserTest::testParse with data set #10 (array('[', '{', '}', ']'), array(stdClass))
ok 101 - Icecave\Duct\Detail\TokenStreamParserTest::testParse with data set #11 (array('{', '}'), stdClass)
ok 102 - Icecave\Duct\Detail\TokenStreamParserTest::testParse with data set #12 (array('{', 'k1', ':', 1, '}'), stdClass)
ok 103 - Icecave\Duct\Detail\TokenStreamParserTest::testParse with data set #13 (array('{', 'k1', ':', 1, ',', 'k2', ':', 2, ',', 'k3', ':', 3, '}'), stdClass)
ok 104 - Icecave\Duct\Detail\TokenStreamParserTest::testParse with data set #14 (array('{', 'k1', ':', '{', '}', '}'), stdClass)
ok 105 - Icecave\Duct\Detail\TokenStreamParserTest::testParse with data set #15 (array('{', 'k1', ':', '{', 'k2', ':', '{', '}', '}', '}'), stdClass)
ok 106 - Icecave\Duct\Detail\TokenStreamParserTest::testParse with data set #16 (array('{', 'k1', ':', '[', 1, ',', 2, ']', '}'), stdClass)
ok 107 - Icecave\Duct\Detail\TokenStreamParserTest::testParseEvents with data set #0 (array(1), array(array('value', array(1))))
ok 108 - Icecave\Duct\Detail\TokenStreamParserTest::testParseEvents with data set #1 (array(1.1), array(array('value', array(1.1))))
ok 109 - Icecave\Duct\Detail\TokenStreamParserTest::testParseEvents with data set #2 (array(true), array(array('value', array(true))))
ok 110 - Icecave\Duct\Detail\TokenStreamParserTest::testParseEvents with data set #3 (array(false), array(array('value', array(false))))
ok 111 - Icecave\Duct\Detail\TokenStreamParserTest::testParseEvents with data set #4 (array(NULL), array(array('value', array(NULL))))
ok 112 - Icecave\Duct\Detail\TokenStreamParserTest::testParseEvents with data set #5 (array('foo'), array(array('value', array('foo'))))
ok 113 - Icecave\Duct\Detail\TokenStreamParserTest::testParseEvents with data set #6 (array('[', ']'), array(array('array-open'), array('array-close')))
ok 114 - Icecave\Duct\Detail\TokenStreamParserTest::testParseEvents with data set #7 (array('[', 1, ',', 2, ',', 3, ']'), array(array('array-open'), array('value', array(1)), array('value', array(2)), array('value', array(3)), array('array-close')))
ok 115 - Icecave\Duct\Detail\TokenStreamParserTest::testParseEvents with data set #8 (array('[', '{', '}', ']'), array(array('array-open'), array('object-open'), array('object-close'), array('array-close')))
ok 116 - Icecave\Duct\Detail\TokenStreamParserTest::testParseEvents with data set #9 (array('{', '}'), array(array('object-open'), array('object-close')))
ok 117 - Icecave\Duct\Detail\TokenStreamParserTest::testParseEvents with data set #10 (array('{', 'k1', ':', 1, ',', 'k2', ':', 2, '}'), array(array('object-open'), array('object.key', array('k1')), array('value', array(1)), array('object.key', array('k2')), array('value', array(2)), array('object-close')))
ok 118 - Icecave\Duct\EventedParserTest::testFeed
ok 119 - Icecave\Duct\EventedParserTest::testFeedFailure
ok 120 - Icecave\Duct\EventedParserTest::testFinalize
ok 121 - Icecave\Duct\EventedParserTest::testFinalizeFailure
ok 122 - Icecave\Duct\EventedParserTest::testOn
ok 123 - Icecave\Duct\EventedParserTest::testOnce
ok 124 - Icecave\Duct\EventedParserTest::testRemoveListener
ok 125 - Icecave\Duct\EventedParserTest::testRemoveAllListeners
ok 126 - Icecave\Duct\EventedParserTest::testRemoveAllListenersAllEvents
ok 127 - Icecave\Duct\EventedParserTest::testListeners
ok 128 - Icecave\Duct\EventedParserTest::testEmit
ok 129 - Icecave\Duct\ParserTest::testParseWithConstructorDefaults
ok 130 - Icecave\Duct\ParserTest::testFeedFailure
ok 131 - Icecave\Duct\ParserTest::testFinalizeFailure
ok 132 - Icecave\Duct\ParserTest::testParse with data set #0 ('{}')
ok 133 - Icecave\Duct\ParserTest::testParse with data set #1 ('[]')
ok 134 - Icecave\Duct\ParserTest::testParse with data set #2 ('{ "a" : 1, "b" : 2, "c" : 3 }')
ok 135 - Icecave\Duct\ParserTest::testParse with data set #3 ('{ "a" : 1, "nested" : { "b" : 2, "c" : 3, "d" : 4 }, "e" : 5 }')
ok 136 - Icecave\Duct\ParserTest::testParse with data set #4 ('[ 1, 2, 3 ]')
ok 137 - Icecave\Duct\ParserTest::testParse with data set #5 ('[ 1, [ 2, 3, 4 ], 5 ]')
1..137
